2026-08-10 23:01:10.188: [INFO] CurrentProfilePath: C:\Users\EDINALDO\Documents\GEOPORTAL_NDB_002\backend\edge_profile\Default
2026-08-10 23:01:10.188: [INFO] Profiles total count: 1
2026-08-10 23:01:10.188: [INFO] Profile: name=Perfil 1 path=C:\Users\EDINALDO\Documents\GEOPORTAL_NDB_002\backend\edge_profile\Default lastActive=2026-08-10T23:01:10.166Z
2026-08-10 23:01:10.188: [INFO] LastUsedProfileDir: C:\Users\EDINALDO\Documents\GEOPORTAL_NDB_002\backend\edge_profile\Default
2026-08-10 23:01:10.188: [INFO] MostRecentlyActiveProfile: name=Perfil 1 path=C:\Users\EDINALDO\Documents\GEOPORTAL_NDB_002\backend\edge_profile\Default lastActive=2026-08-10T23:01:10.166Z
2026-08-10 23:01:10.188: [INFO] OnDoneLoading sync enabled: 0
2026-08-10 23:01:10.188: [INFO] BookmarkModelLoaded, ids_reassigned: 0
2026-08-10 23:01:10.188: [INFO] BookmarksLoadDropped droppedNodes=0
2026-08-10 23:01:10.188: [INFO] BookmarksSnapshot Startup total=0 bar=0 other=0 mobile=0 showBar=0 showBarNTP=1
2026-08-10 23:01:13.193: [INFO] VisibilityChanged: 0
2026-08-10 23:01:50.734: [INFO] BookmarksSnapshot Shutdown total=0 bar=0 other=0 mobile=0 showBar=0 showBarNTP=1
2026-08-10 23:06:48.581: [INFO] CurrentProfilePath: C:\Users\EDINALDO\Documents\GEOPORTAL_NDB_002\backend\edge_profile\Default
2026-08-10 23:06:48.581: [INFO] Profiles total count: 1
2026-08-10 23:06:48.581: [INFO] Profile: name=Perfil 1 path=C:\Users\EDINALDO\Documents\GEOPORTAL_NDB_002\backend\edge_profile\Default lastActive=2026-08-10T23:06:48.563Z
2026-08-10 23:06:48.581: [INFO] LastUsedProfileDir: C:\Users\EDINALDO\Documents\GEOPORTAL_NDB_002\backend\edge_profile\Default
2026-08-10 23:06:48.581: [INFO] MostRecentlyActiveProfile: name=Perfil 1 path=C:\Users\EDINALDO\Documents\GEOPORTAL_NDB_002\backend\edge_profile\Default lastActive=2026-08-10T23:06:48.563Z
2026-08-10 23:06:48.581: [INFO] OnDoneLoading sync enabled: 0
2026-08-10 23:06:48.581: [INFO] BookmarkModelLoaded, ids_reassigned: 0
2026-08-10 23:06:48.581: [INFO] BookmarksLoadDropped droppedNodes=0
2026-08-10 23:06:48.581: [INFO] BookmarksSnapshot Startup total=0 bar=0 other=0 mobile=0 showBar=0 showBarNTP=1
2026-08-10 23:06:49.900: [INFO] VisibilityChanged: 0
2026-08-10 23:07:36.106: [INFO] BookmarksSnapshot Shutdown total=0 bar=0 other=0 mobile=0 showBar=0 showBarNTP=1
2026-08-10 23:07:41.096: [INFO] CurrentProfilePath: C:\Users\EDINALDO\Documents\GEOPORTAL_NDB_002\backend\edge_profile\Default
2026-08-10 23:07:41.096: [INFO] Profiles total count: 1
2026-08-10 23:07:41.097: [INFO] Profile: name=Perfil 1 path=C:\Users\EDINALDO\Documents\GEOPORTAL_NDB_002\backend\edge_profile\Default lastActive=2026-08-10T23:07:41.082Z
2026-08-10 23:07:41.097: [INFO] LastUsedProfileDir: C:\Users\EDINALDO\Documents\GEOPORTAL_NDB_002\backend\edge_profile\Default
2026-08-10 23:07:41.097: [INFO] MostRecentlyActiveProfile: name=Perfil 1 path=C:\Users\EDINALDO\Documents\GEOPORTAL_NDB_002\backend\edge_profile\Default lastActive=2026-08-10T23:07:41.082Z
2026-08-10 23:07:41.097: [INFO] OnDoneLoading sync enabled: 0
2026-08-10 23:07:41.097: [INFO] BookmarkModelLoaded, ids_reassigned: 0
2026-08-10 23:07:41.097: [INFO] BookmarksLoadDropped droppedNodes=0
2026-08-10 23:07:41.097: [INFO] BookmarksSnapshot Startup total=0 bar=0 other=0 mobile=0 showBar=0 showBarNTP=1
2026-08-10 23:07:42.068: [INFO] VisibilityChanged: 0
2026-08-10 23:08:28.001: [INFO] BookmarksSnapshot Shutdown total=0 bar=0 other=0 mobile=0 showBar=0 showBarNTP=1
2026-08-10 23:27:59.653: [INFO] CurrentProfilePath: C:\Users\EDINALDO\Documents\GEOPORTAL_NDB_002\backend\edge_profile\Default
2026-08-10 23:27:59.653: [INFO] Profiles total count: 1
2026-08-10 23:27:59.654: [INFO] Profile: name=Perfil 1 path=C:\Users\EDINALDO\Documents\GEOPORTAL_NDB_002\backend\edge_profile\Default lastActive=2026-08-10T23:27:59.639Z
2026-08-10 23:27:59.654: [INFO] LastUsedProfileDir: C:\Users\EDINALDO\Documents\GEOPORTAL_NDB_002\backend\edge_profile\Default
2026-08-10 23:27:59.654: [INFO] MostRecentlyActiveProfile: name=Perfil 1 path=C:\Users\EDINALDO\Documents\GEOPORTAL_NDB_002\backend\edge_profile\Default lastActive=2026-08-10T23:27:59.639Z
2026-08-10 23:27:59.654: [INFO] OnDoneLoading sync enabled: 0
2026-08-10 23:27:59.654: [INFO] BookmarkModelLoaded, ids_reassigned: 0
2026-08-10 23:27:59.654: [INFO] BookmarksLoadDropped droppedNodes=0
2026-08-10 23:27:59.654: [INFO] BookmarksSnapshot Startup total=0 bar=0 other=0 mobile=0 showBar=0 showBarNTP=1
2026-08-10 23:28:01.022: [INFO] VisibilityChanged: 0
2026-08-10 23:30:03.174: [INFO] BookmarksSnapshot Shutdown total=0 bar=0 other=0 mobile=0 showBar=0 showBarNTP=1
2026-08-10 23:31:26.234: [INFO] CurrentProfilePath: C:\Users\EDINALDO\Documents\GEOPORTAL_NDB_002\backend\edge_profile\Default
2026-08-10 23:31:26.234: [INFO] Profiles total count: 1
2026-08-10 23:31:26.234: [INFO] Profile: name=Perfil 1 path=C:\Users\EDINALDO\Documents\GEOPORTAL_NDB_002\backend\edge_profile\Default lastActive=2026-08-10T23:31:26.220Z
2026-08-10 23:31:26.234: [INFO] LastUsedProfileDir: C:\Users\EDINALDO\Documents\GEOPORTAL_NDB_002\backend\edge_profile\Default
2026-08-10 23:31:26.234: [INFO] MostRecentlyActiveProfile: name=Perfil 1 path=C:\Users\EDINALDO\Documents\GEOPORTAL_NDB_002\backend\edge_profile\Default lastActive=2026-08-10T23:31:26.220Z
2026-08-10 23:31:26.234: [INFO] OnDoneLoading sync enabled: 0
2026-08-10 23:31:26.234: [INFO] BookmarkModelLoaded, ids_reassigned: 0
2026-08-10 23:31:26.234: [INFO] BookmarksLoadDropped droppedNodes=0
2026-08-10 23:31:26.234: [INFO] BookmarksSnapshot Startup total=0 bar=0 other=0 mobile=0 showBar=0 showBarNTP=1
2026-08-10 23:31:27.273: [INFO] VisibilityChanged: 0
2026-08-10 23:33:29.036: [INFO] BookmarksSnapshot Shutdown total=0 bar=0 other=0 mobile=0 showBar=0 showBarNTP=1
2026-08-10 23:33:33.024: [INFO] CurrentProfilePath: C:\Users\EDINALDO\Documents\GEOPORTAL_NDB_002\backend\edge_profile\Default
2026-08-10 23:33:33.024: [INFO] Profiles total count: 1
2026-08-10 23:33:33.024: [INFO] Profile: name=Perfil 1 path=C:\Users\EDINALDO\Documents\GEOPORTAL_NDB_002\backend\edge_profile\Default lastActive=2026-08-10T23:33:33.003Z
2026-08-10 23:33:33.024: [INFO] LastUsedProfileDir: C:\Users\EDINALDO\Documents\GEOPORTAL_NDB_002\backend\edge_profile\Default
2026-08-10 23:33:33.024: [INFO] MostRecentlyActiveProfile: name=Perfil 1 path=C:\Users\EDINALDO\Documents\GEOPORTAL_NDB_002\backend\edge_profile\Default lastActive=2026-08-10T23:33:33.003Z
2026-08-10 23:33:33.024: [INFO] OnDoneLoading sync enabled: 0
2026-08-10 23:33:33.024: [INFO] BookmarkModelLoaded, ids_reassigned: 0
2026-08-10 23:33:33.024: [INFO] BookmarksLoadDropped droppedNodes=0
2026-08-10 23:33:33.024: [INFO] BookmarksSnapshot Startup total=0 bar=0 other=0 mobile=0 showBar=0 showBarNTP=1
2026-08-10 23:33:34.355: [INFO] VisibilityChanged: 0
2026-08-10 23:34:24.103: [INFO] CurrentProfilePath: C:\Users\EDINALDO\Documents\GEOPORTAL_NDB_002\backend\edge_profile\Default
2026-08-10 23:34:24.103: [INFO] Profiles total count: 1
2026-08-10 23:34:24.103: [INFO] Profile: name=Perfil 1 path=C:\Users\EDINALDO\Documents\GEOPORTAL_NDB_002\backend\edge_profile\Default lastActive=2026-08-10T23:34:24.082Z
2026-08-10 23:34:24.103: [INFO] LastUsedProfileDir: C:\Users\EDINALDO\Documents\GEOPORTAL_NDB_002\backend\edge_profile\Default
2026-08-10 23:34:24.103: [INFO] MostRecentlyActiveProfile: name=Perfil 1 path=C:\Users\EDINALDO\Documents\GEOPORTAL_NDB_002\backend\edge_profile\Default lastActive=2026-08-10T23:34:24.082Z
2026-08-10 23:34:24.103: [INFO] OnDoneLoading sync enabled: 0
2026-08-10 23:34:24.103: [INFO] BookmarkModelLoaded, ids_reassigned: 0
2026-08-10 23:34:24.103: [INFO] BookmarksLoadDropped droppedNodes=0
2026-08-10 23:34:24.103: [INFO] BookmarksSnapshot Startup total=0 bar=0 other=0 mobile=0 showBar=0 showBarNTP=1
2026-08-10 23:34:25.163: [INFO] VisibilityChanged: 0
2026-08-10 23:34:57.295: [INFO] BookmarksSnapshot Shutdown total=0 bar=0 other=0 mobile=0 showBar=0 showBarNTP=1
2026-08-10 23:40:14.697: [INFO] CurrentProfilePath: C:\Users\EDINALDO\Documents\GEOPORTAL_NDB_002\backend\edge_profile\Default
2026-08-10 23:40:14.697: [INFO] Profiles total count: 1
2026-08-10 23:40:14.697: [INFO] Profile: name=Perfil 1 path=C:\Users\EDINALDO\Documents\GEOPORTAL_NDB_002\backend\edge_profile\Default lastActive=2026-08-10T23:40:14.683Z
2026-08-10 23:40:14.697: [INFO] LastUsedProfileDir: C:\Users\EDINALDO\Documents\GEOPORTAL_NDB_002\backend\edge_profile\Default
2026-08-10 23:40:14.698: [INFO] MostRecentlyActiveProfile: name=Perfil 1 path=C:\Users\EDINALDO\Documents\GEOPORTAL_NDB_002\backend\edge_profile\Default lastActive=2026-08-10T23:40:14.683Z
2026-08-10 23:40:14.698: [INFO] OnDoneLoading sync enabled: 0
2026-08-10 23:40:14.698: [INFO] BookmarkModelLoaded, ids_reassigned: 0
2026-08-10 23:40:14.698: [INFO] BookmarksLoadDropped droppedNodes=0
2026-08-10 23:40:14.698: [INFO] BookmarksSnapshot Startup total=0 bar=0 other=0 mobile=0 showBar=0 showBarNTP=1
2026-08-10 23:40:15.876: [INFO] VisibilityChanged: 0
2026-08-10 23:41:19.051: [INFO] BookmarksSnapshot Shutdown total=0 bar=0 other=0 mobile=0 showBar=0 showBarNTP=1
2026-08-10 23:44:49.468: [INFO] CurrentProfilePath: C:\Users\EDINALDO\Documents\GEOPORTAL_NDB_002\backend\edge_profile\Default
2026-08-10 23:44:49.468: [INFO] Profiles total count: 1
2026-08-10 23:44:49.468: [INFO] Profile: name=Perfil 1 path=C:\Users\EDINALDO\Documents\GEOPORTAL_NDB_002\backend\edge_profile\Default lastActive=2026-08-10T23:44:49.439Z
2026-08-10 23:44:49.468: [INFO] LastUsedProfileDir: C:\Users\EDINALDO\Documents\GEOPORTAL_NDB_002\backend\edge_profile\Default
2026-08-10 23:44:49.468: [INFO] MostRecentlyActiveProfile: name=Perfil 1 path=C:\Users\EDINALDO\Documents\GEOPORTAL_NDB_002\backend\edge_profile\Default lastActive=2026-08-10T23:44:49.439Z
2026-08-10 23:44:49.468: [INFO] OnDoneLoading sync enabled: 0
2026-08-10 23:44:49.468: [INFO] BookmarkModelLoaded, ids_reassigned: 0
2026-08-10 23:44:49.468: [INFO] BookmarksLoadDropped droppedNodes=0
2026-08-10 23:44:49.468: [INFO] BookmarksSnapshot Startup total=0 bar=0 other=0 mobile=0 showBar=0 showBarNTP=1
2026-08-10 23:44:50.707: [INFO] VisibilityChanged: 0
2026-08-10 23:45:17.000: [INFO] BookmarksSnapshot Shutdown total=0 bar=0 other=0 mobile=0 showBar=0 showBarNTP=1
2026-08-11 00:39:37.309: [INFO] CurrentProfilePath: C:\Users\EDINALDO\Documents\GEOPORTAL_NDB_002\backend\edge_profile\Default
2026-08-11 00:39:37.309: [INFO] Profiles total count: 1
2026-08-11 00:39:37.310: [INFO] Profile: name=Perfil 1 path=C:\Users\EDINALDO\Documents\GEOPORTAL_NDB_002\backend\edge_profile\Default lastActive=2026-08-11T00:39:37.285Z
2026-08-11 00:39:37.310: [INFO] LastUsedProfileDir: C:\Users\EDINALDO\Documents\GEOPORTAL_NDB_002\backend\edge_profile\Default
2026-08-11 00:39:37.310: [INFO] MostRecentlyActiveProfile: name=Perfil 1 path=C:\Users\EDINALDO\Documents\GEOPORTAL_NDB_002\backend\edge_profile\Default lastActive=2026-08-11T00:39:37.285Z
2026-08-11 00:39:37.310: [INFO] OnDoneLoading sync enabled: 0
2026-08-11 00:39:37.310: [INFO] BookmarkModelLoaded, ids_reassigned: 0
2026-08-11 00:39:37.310: [INFO] BookmarksLoadDropped droppedNodes=0
2026-08-11 00:39:37.310: [INFO] BookmarksSnapshot Startup total=0 bar=0 other=0 mobile=0 showBar=0 showBarNTP=1
2026-08-11 00:39:39.005: [INFO] VisibilityChanged: 0
2026-08-11 00:40:18.996: [INFO] BookmarksSnapshot Shutdown total=0 bar=0 other=0 mobile=0 showBar=0 showBarNTP=1
2026-08-11 00:40:31.320: [INFO] CurrentProfilePath: C:\Users\EDINALDO\Documents\GEOPORTAL_NDB_002\backend\edge_profile\Default
2026-08-11 00:40:31.320: [INFO] Profiles total count: 1
2026-08-11 00:40:31.322: [INFO] Profile: name=Perfil 1 path=C:\Users\EDINALDO\Documents\GEOPORTAL_NDB_002\backend\edge_profile\Default lastActive=2026-08-11T00:40:31.291Z
2026-08-11 00:40:31.322: [INFO] LastUsedProfileDir: C:\Users\EDINALDO\Documents\GEOPORTAL_NDB_002\backend\edge_profile\Default
2026-08-11 00:40:31.322: [INFO] MostRecentlyActiveProfile: name=Perfil 1 path=C:\Users\EDINALDO\Documents\GEOPORTAL_NDB_002\backend\edge_profile\Default lastActive=2026-08-11T00:40:31.291Z
2026-08-11 00:40:31.322: [INFO] OnDoneLoading sync enabled: 0
2026-08-11 00:40:31.322: [INFO] BookmarkModelLoaded, ids_reassigned: 0
2026-08-11 00:40:31.322: [INFO] BookmarksLoadDropped droppedNodes=0
2026-08-11 00:40:31.322: [INFO] BookmarksSnapshot Startup total=0 bar=0 other=0 mobile=0 showBar=0 showBarNTP=1
2026-08-11 00:40:32.530: [INFO] VisibilityChanged: 0
2026-08-11 00:41:05.455: [INFO] BookmarksSnapshot Shutdown total=0 bar=0 other=0 mobile=0 showBar=0 showBarNTP=1
2026-08-11 00:44:32.111: [INFO] CurrentProfilePath: C:\Users\EDINALDO\Documents\GEOPORTAL_NDB_002\backend\edge_profile\Default
2026-08-11 00:44:32.111: [INFO] Profiles total count: 1
2026-08-11 00:44:32.113: [INFO] Profile: name=Perfil 1 path=C:\Users\EDINALDO\Documents\GEOPORTAL_NDB_002\backend\edge_profile\Default lastActive=2026-08-11T00:44:32.078Z
2026-08-11 00:44:32.113: [INFO] LastUsedProfileDir: C:\Users\EDINALDO\Documents\GEOPORTAL_NDB_002\backend\edge_profile\Default
2026-08-11 00:44:32.113: [INFO] MostRecentlyActiveProfile: name=Perfil 1 path=C:\Users\EDINALDO\Documents\GEOPORTAL_NDB_002\backend\edge_profile\Default lastActive=2026-08-11T00:44:32.078Z
2026-08-11 00:44:32.113: [INFO] OnDoneLoading sync enabled: 0
2026-08-11 00:44:32.113: [INFO] BookmarkModelLoaded, ids_reassigned: 0
2026-08-11 00:44:32.114: [INFO] BookmarksLoadDropped droppedNodes=0
2026-08-11 00:44:32.114: [INFO] BookmarksSnapshot Startup total=0 bar=0 other=0 mobile=0 showBar=0 showBarNTP=1
2026-08-11 00:44:33.544: [INFO] VisibilityChanged: 0
2026-08-11 00:45:31.943: [INFO] BookmarksSnapshot Shutdown total=0 bar=0 other=0 mobile=0 showBar=0 showBarNTP=1
2026-08-11 00:46:09.115: [INFO] CurrentProfilePath: C:\Users\EDINALDO\Documents\GEOPORTAL_NDB_002\backend\edge_profile\Default
2026-08-11 00:46:09.115: [INFO] Profiles total count: 1
2026-08-11 00:46:09.115: [INFO] Profile: name=Perfil 1 path=C:\Users\EDINALDO\Documents\GEOPORTAL_NDB_002\backend\edge_profile\Default lastActive=2026-08-11T00:46:09.079Z
2026-08-11 00:46:09.115: [INFO] LastUsedProfileDir: C:\Users\EDINALDO\Documents\GEOPORTAL_NDB_002\backend\edge_profile\Default
2026-08-11 00:46:09.115: [INFO] MostRecentlyActiveProfile: name=Perfil 1 path=C:\Users\EDINALDO\Documents\GEOPORTAL_NDB_002\backend\edge_profile\Default lastActive=2026-08-11T00:46:09.079Z
2026-08-11 00:46:09.115: [INFO] OnDoneLoading sync enabled: 0
2026-08-11 00:46:09.115: [INFO] BookmarkModelLoaded, ids_reassigned: 0
2026-08-11 00:46:09.115: [INFO] BookmarksLoadDropped droppedNodes=0
2026-08-11 00:46:09.115: [INFO] BookmarksSnapshot Startup total=0 bar=0 other=0 mobile=0 showBar=0 showBarNTP=1
2026-08-11 00:46:10.551: [INFO] VisibilityChanged: 0
2026-08-11 00:46:18.659: [INFO] BookmarksSnapshot Shutdown total=0 bar=0 other=0 mobile=0 showBar=0 showBarNTP=1
